// Jest Snapshot v1, https://goo.gl/fbAQLP

exports[`Axis 1`] = `
<g
  class="axis-foo "
  transform="translate(10, 10)"
/>
`;
