// Jest Snapshot v1, https://goo.gl/fbAQLP

exports[`Circle 1`] = `
.c0 {
  fill: rgb(255,255,255);
  stroke: none;
  stroke-width: 3;
}

<circle
  class="foo c0"
  color="rgb(0, 0, 0)"
/>
`;
