// Jest Snapshot v1, https://goo.gl/fbAQLP

exports[`Grid 1`] = `
.c0 path {
  stroke: transparent;
}

.c0 line {
  stroke: rgb(230,230,230);
}

<g
  class="grid c0"
/>
`;
