// Jest Snapshot v1, https://goo.gl/fbAQLP

exports[`Rect 1`] = `
.c0 {
  fill: rgb(0,0,0);
}

.c0:hover {
  fill: rgb(0,0,0);
}

<rect
  class="foo c0"
  height="10"
  width="10"
  x="0"
  y="0"
/>
`;
