// Jest Snapshot v1, https://goo.gl/fbAQLP

exports[`SVG 1`] = `
.c0 {
  height: 10px;
  width: 10px;
}

<svg
  baseProfile="full"
  class="silky-charts c0"
  id="foo"
  xmlns="http://www.w3.org/2000/svg"
/>
`;
