// Jest Snapshot v1, https://goo.gl/fbAQLP

exports[`Should render correctly 1`] = `
<g
  className="axis-foo "
  transform="translate(0, 0)"
/>
`;
