// Jest Snapshot v1, https://goo.gl/fbAQLP

exports[`Should render correctly 1`] = `
.c0 {
  cursor: pointer;
  fill: rgb(255,255,255);
  stroke: rgb(0,0,0);
  stroke-width: 3;
}

<circle
  className="c0"
  color="rgb(0, 0, 0)"
  cx={0}
  cy={0}
  r={10}
/>
`;
