// Jest Snapshot v1, https://goo.gl/fbAQLP

exports[`Should render correctly 1`] = `
.c0 path {
  stroke: transparent;
}

.c0 line {
  stroke: rgb(220,220,220);
}

<g
  className="grid c0"
/>
`;
