// Jest Snapshot v1, https://goo.gl/fbAQLP

exports[`render correctly 1`] = `
.c0 {
  height: 10px;
  width: 10px;
}

.c0:hover {
  fill: hsl(0,0%,0%);
}

<rect
  className="foo c0"
  color="rgb(0, 0, 0)"
  size={
    Object {
      "height": 10,
      "width": 10,
    }
  }
  x={0}
  y={0}
/>
`;
