// Jest Snapshot v1, https://goo.gl/fbAQLP

exports[`Should render correctly 1`] = `
.c0 {
  height: 10px;
  width: 10px;
}

<svg
  className="silky-charts c0"
  id="foo"
  size={
    Object {
      "height": 10,
      "width": 10,
    }
  }
/>
`;
